<?xml version="1.0" encoding="UTF-8"?>
<testsuites name="Mocha Tests" time="0.001" tests="1" failures="0">
  <testsuite name="Root Suite" timestamp="2016-04-20T18:39:46" tests="0" failures="0" time="0">
  </testsuite>
  <testsuite name="Array" timestamp="2016-04-20T18:39:46" tests="0" failures="0" time="0">
  </testsuite>
  <testsuite name="#indexOf()" timestamp="2016-04-20T18:39:46" tests="1" failures="0" time="0.001">
    <testcase name="Root Suite Array #indexOf() should return -1 when the value is not present" time="0.001" classname="should return -1 when the value is not present">
    </testcase>
  </testsuite>
</testsuites>